Microchip Technology Inc, v1.70 (B)

Tool Name:
  c:\program files\microchip\xc16\v1.70\bin\bin\..\bin/elf-ld.exe

Command:
  -p33FJ32MC202 \
  --mdfp=C:/Program Files/Microchip/MPLABX/v6.00/packs/Microchip/dsPIC33F-GP-MC_DFP/1.3.64/xc16 \
  -o \
  dist/default/production/Ejemplo8_Atributos.X.production.elf \
  -Lc:/program files/microchip/xc16/v1.70/bin/bin/.. \
  -LC:/Program Files/Microchip/MPLABX/v6.00/packs/Microchip/dsPIC33F-GP-MC_DFP/1.3.64/xc16/bin/../support/PIC24H/gld \
  -LC:/Program Files/Microchip/MPLABX/v6.00/packs/Microchip/dsPIC33F-GP-MC_DFP/1.3.64/xc16/bin/../support/dsPIC33F/gld \
  -Lc:/program files/microchip/xc16/v1.70/bin/bin/../../lib \
  -Lc:/program files/microchip/xc16/v1.70/bin/bin/../../support/PIC24E/gld \
  -Lc:/program files/microchip/xc16/v1.70/bin/bin/../../support/PIC24F/gld \
  -Lc:/program files/microchip/xc16/v1.70/bin/bin/../../support/PIC24H/gld \
  -Lc:/program files/microchip/xc16/v1.70/bin/bin/../../support/dsPIC30F/gld \
  -Lc:/program files/microchip/xc16/v1.70/bin/bin/../../support/dsPIC33C/gld \
  -Lc:/program files/microchip/xc16/v1.70/bin/bin/../../support/dsPIC33E/gld \
  -Lc:/program files/microchip/xc16/v1.70/bin/bin/../../support/dsPIC33F/gld \
  build/default/production/Config.o \
  build/default/production/mainn.o \
  --defsym=__MPLAB_BUILD=1 \
  -Tp33FJ32MC202.gld.00 \
  --stack=16 \
  --check-sections \
  --data-init \
  --pack-data \
  --handles \
  --isr \
  --no-gc-sections \
  --fill-upper=0 \
  --stackguard=16 \
  --no-force-link \
  --smart-io \
  -Map=dist/default/production/Ejemplo8_atributos.X.production.map \
  --report-mem \
  --memorysummary \
  dist/default/production/memoryfile.xml \
  -start-group \
  --library=lega-pic30-elf \
  --library=m-elf \
  --library=lega-c-elf \
  -end-group \


Optional library libp33FJ32MC202.a not found
Archive member included because of file (symbol)

c:/program files/microchip/xc16/v1.70/bin/bin/../../lib\liblega-pic30-elf.a(crt0_standard.o)
                              (__resetPRI)
c:/program files/microchip/xc16/v1.70/bin/bin/../../lib\liblega-pic30-elf.a(data_init_standard.o)
                              c:/program files/microchip/xc16/v1.70/bin/bin/../../lib\liblega-pic30-elf.a(crt0_standard.o) (__data_init_standard)
c:/program files/microchip/xc16/v1.70/bin/bin/../../lib\liblega-pic30-elf.a(crt_start_mode_normal.Leo)
                              (__crt_start_mode_normal)
c:/program files/microchip/xc16/v1.70/bin/bin/../../lib\liblega-c-elf.a(printf_cdnopuxX.XXeo)
                              build/default/production/mainn.o (__printf_cdnopuxX)
c:/program files/microchip/xc16/v1.70/bin/bin/../../lib\liblega-c-elf.a(fwrite.XX_eo)
                              c:/program files/microchip/xc16/v1.70/bin/bin/../../lib\liblega-c-elf.a(printf_cdnopuxX.XXeo) (_fwrite)
c:/program files/microchip/xc16/v1.70/bin/bin/../../lib\liblega-c-elf.a(memchr.XX_eo)
                              c:/program files/microchip/xc16/v1.70/bin/bin/../../lib\liblega-c-elf.a(fwrite.XX_eo) (_memchr)
c:/program files/microchip/xc16/v1.70/bin/bin/../../lib\liblega-c-elf.a(memcpy.XX_eo)
                              c:/program files/microchip/xc16/v1.70/bin/bin/../../lib\liblega-c-elf.a(fwrite.XX_eo) (_memcpy)
c:/program files/microchip/xc16/v1.70/bin/bin/../../lib\liblega-c-elf.a(xfiles.XX_eo)
                              c:/program files/microchip/xc16/v1.70/bin/bin/../../lib\liblega-c-elf.a(printf_cdnopuxX.XXeo) (__Stdout)
c:/program files/microchip/xc16/v1.70/bin/bin/../../lib\liblega-c-elf.a(xfwprep.XX_eo)
                              c:/program files/microchip/xc16/v1.70/bin/bin/../../lib\liblega-c-elf.a(fwrite.XX_eo) (__Fwprep)
c:/program files/microchip/xc16/v1.70/bin/bin/../../lib\liblega-c-elf.a(fclose.XX_elo)
                              c:/program files/microchip/xc16/v1.70/bin/bin/../../lib\liblega-c-elf.a(xfwprep.XX_eo) (__Closreg)
c:/program files/microchip/xc16/v1.70/bin/bin/../../lib\liblega-c-elf.a(fflush.XX_elo)
                              c:/program files/microchip/xc16/v1.70/bin/bin/../../lib\liblega-c-elf.a(fwrite.XX_eo) (__DNKfflush)
c:/program files/microchip/xc16/v1.70/bin/bin/../../lib\liblega-c-elf.a(xatexit.XX_elo)
                              c:/program files/microchip/xc16/v1.70/bin/bin/../../lib\liblega-c-elf.a(fclose.XX_elo) (__Atexit)
c:/program files/microchip/xc16/v1.70/bin/bin/../../lib\liblega-c-elf.a(xprintf_cdnopuxX.XXeo)
                              c:/program files/microchip/xc16/v1.70/bin/bin/../../lib\liblega-c-elf.a(printf_cdnopuxX.XXeo) (___Printf_cdnopuxX)
c:/program files/microchip/xc16/v1.70/bin/bin/../../lib\liblega-c-elf.a(xputfld_cdnopuxX.XXeo)
                              c:/program files/microchip/xc16/v1.70/bin/bin/../../lib\liblega-c-elf.a(xprintf_cdnopuxX.XXeo) (___Putfld_cdnopuxX)
c:/program files/microchip/xc16/v1.70/bin/bin/../../lib\liblega-c-elf.a(printf_cdfFnopsuxX.XXeo)
                              build/default/production/mainn.o (__printf_cdfFnopsuxX)
c:/program files/microchip/xc16/v1.70/bin/bin/../../lib\liblega-c-elf.a(xprintf_cdfFnopsuxX.XXeo)
                              c:/program files/microchip/xc16/v1.70/bin/bin/../../lib\liblega-c-elf.a(printf_cdfFnopsuxX.XXeo) (___Printf_cdfFnopsuxX)
c:/program files/microchip/xc16/v1.70/bin/bin/../../lib\liblega-c-elf.a(xputfld_cdfFnopsuxX.XXeo)
                              c:/program files/microchip/xc16/v1.70/bin/bin/../../lib\liblega-c-elf.a(xprintf_cdfFnopsuxX.XXeo) (___Putfld_cdfFnopsuxX)
c:/program files/microchip/xc16/v1.70/bin/bin/../../lib\liblega-c-elf.a(xldtob_cdfFnopsuxX.XXeo)
                              c:/program files/microchip/xc16/v1.70/bin/bin/../../lib\liblega-c-elf.a(xputfld_cdfFnopsuxX.XXeo) (___Ldtob_cdfFnopsuxX)
c:/program files/microchip/xc16/v1.70/bin/bin/../../lib\liblega-c-elf.a(xgenld_cdfFnopsuxX.XXeo)
                              c:/program files/microchip/xc16/v1.70/bin/bin/../../lib\liblega-c-elf.a(xldtob_cdfFnopsuxX.XXeo) (___Genld_cdfFnopsuxX)
c:/program files/microchip/xc16/v1.70/bin/bin/../../lib\liblega-c-elf.a(div.XX_eo)
                              c:/program files/microchip/xc16/v1.70/bin/bin/../../lib\liblega-c-elf.a(xgenld_cdfFnopsuxX.XXeo) (_div)
c:/program files/microchip/xc16/v1.70/bin/bin/../../lib\liblega-c-elf.a(free.XX_eo)
                              c:/program files/microchip/xc16/v1.70/bin/bin/../../lib\liblega-c-elf.a(fclose.XX_elo) (_free)
c:/program files/microchip/xc16/v1.70/bin/bin/../../lib\liblega-c-elf.a(ldiv.XX_eo)
                              c:/program files/microchip/xc16/v1.70/bin/bin/../../lib\liblega-c-elf.a(xldtob_cdfFnopsuxX.XXeo) (_ldiv)
c:/program files/microchip/xc16/v1.70/bin/bin/../../lib\liblega-c-elf.a(malloc.XX_eo)
                              c:/program files/microchip/xc16/v1.70/bin/bin/../../lib\liblega-c-elf.a(free.XX_eo) (__Aldata)
c:/program files/microchip/xc16/v1.70/bin/bin/../../lib\liblega-c-elf.a(strchr.XX_eo)
                              c:/program files/microchip/xc16/v1.70/bin/bin/../../lib\liblega-c-elf.a(xprintf_cdnopuxX.XXeo) (_strchr)
c:/program files/microchip/xc16/v1.70/bin/bin/../../lib\liblega-c-elf.a(strlen.XX_eo)
                              c:/program files/microchip/xc16/v1.70/bin/bin/../../lib\liblega-c-elf.a(xputfld_cdfFnopsuxX.XXeo) (_strlen)
c:/program files/microchip/xc16/v1.70/bin/bin/../../lib\liblega-c-elf.a(xgetmem.XX_eo)
                              c:/program files/microchip/xc16/v1.70/bin/bin/../../lib\liblega-c-elf.a(malloc.XX_eo) (__Getmem)
c:/program files/microchip/xc16/v1.70/bin/bin/../../lib\liblega-c-elf.a(xldunsca.XX_eo)
                              c:/program files/microchip/xc16/v1.70/bin/bin/../../lib\liblega-c-elf.a(xldtob_cdfFnopsuxX.XXeo) (__LDunscale)
c:/program files/microchip/xc16/v1.70/bin/bin/../../lib\liblega-c-elf.a(xlitob.XX_eo)
                              c:/program files/microchip/xc16/v1.70/bin/bin/../../lib\liblega-c-elf.a(xputfld_cdnopuxX.XXeo) (__Litob)
c:/program files/microchip/xc16/v1.70/bin/bin/../../lib\liblega-c-elf.a(xputtxt.XX_eo)
                              c:/program files/microchip/xc16/v1.70/bin/bin/../../lib\liblega-c-elf.a(xprintf_cdnopuxX.XXeo) (__Puttxt)
c:/program files/microchip/xc16/v1.70/bin/bin/../../lib\liblega-c-elf.a(xvacopy.XX_eo)
                              c:/program files/microchip/xc16/v1.70/bin/bin/../../lib\liblega-c-elf.a(xprintf_cdnopuxX.XXeo) (__Vacopy)
c:/program files/microchip/xc16/v1.70/bin/bin/../../lib\liblega-c-elf.a(efwrite.XX_eo)
                              c:/program files/microchip/xc16/v1.70/bin/bin/../../lib\liblega-c-elf.a(xprintf_cdnopuxX.XXeo) (_efwrite)
c:/program files/microchip/xc16/v1.70/bin/bin/../../lib\liblega-c-elf.a(xdnorm.XX_elo)
                              c:/program files/microchip/xc16/v1.70/bin/bin/../../lib\liblega-c-elf.a(xldunsca.XX_eo) (__Dnorm)
c:/program files/microchip/xc16/v1.70/bin/bin/../../lib\liblega-pic30-elf.a(close.Leo)
                              c:/program files/microchip/xc16/v1.70/bin/bin/../../lib\liblega-c-elf.a(fclose.XX_elo) (_close)
c:/program files/microchip/xc16/v1.70/bin/bin/../../lib\liblega-pic30-elf.a(write.Leo)
                              c:/program files/microchip/xc16/v1.70/bin/bin/../../lib\liblega-c-elf.a(fflush.XX_elo) (_write)
c:/program files/microchip/xc16/v1.70/bin/bin/../../lib\liblega-pic30-elf.a(remove.Leo)
                              c:/program files/microchip/xc16/v1.70/bin/bin/../../lib\liblega-c-elf.a(fclose.XX_elo) (_remove)
c:/program files/microchip/xc16/v1.70/bin/bin/../../lib\liblega-pic30-elf.a(sbrk.Leo)
                              c:/program files/microchip/xc16/v1.70/bin/bin/../../lib\liblega-c-elf.a(xgetmem.XX_eo) (_sbrk)
c:/program files/microchip/xc16/v1.70/bin/bin/../../lib\liblega-pic30-elf.a(c30_uart.Leo)
                              c:/program files/microchip/xc16/v1.70/bin/bin/../../lib\liblega-pic30-elf.a(write.Leo) (___C30_UART)
c:/program files/microchip/xc16/v1.70/bin/bin/../../lib\liblega-pic30-elf.a(memcpy_eds.Leo)
                              c:/program files/microchip/xc16/v1.70/bin/bin/../../lib\liblega-c-elf.a(efwrite.XX_eo) (__memcpy_eds_3)
c:/program files/microchip/xc16/v1.70/bin/bin/../../lib\liblega-pic30-elf.a(memchr_eds.Leo)
                              c:/program files/microchip/xc16/v1.70/bin/bin/../../lib\liblega-c-elf.a(xputfld_cdfFnopsuxX.XXeo) (__memchr_eds)
c:/program files/microchip/xc16/v1.70/bin/bin/../../lib\liblega-pic30-elf.a(brk.Lelo)
                              c:/program files/microchip/xc16/v1.70/bin/bin/../../lib\liblega-pic30-elf.a(sbrk.Leo) (_brk)
c:/program files/microchip/xc16/v1.70/bin/bin/../../lib\libm-elf.a(deqltle.eo)
                              c:/program files/microchip/xc16/v1.70/bin/bin/../../lib\liblega-c-elf.a(xldtob_cdfFnopsuxX.XXeo) (___ltdf2)
c:/program files/microchip/xc16/v1.70/bin/bin/../../lib\libm-elf.a(dgtge.eo)
                              c:/program files/microchip/xc16/v1.70/bin/bin/../../lib\liblega-c-elf.a(xldtob_cdfFnopsuxX.XXeo) (___gtdf2)
c:/program files/microchip/xc16/v1.70/bin/bin/../../lib\libm-elf.a(divdf3.eo)
                              c:/program files/microchip/xc16/v1.70/bin/bin/../../lib\liblega-c-elf.a(xldtob_cdfFnopsuxX.XXeo) (___divdf3)
c:/program files/microchip/xc16/v1.70/bin/bin/../../lib\libm-elf.a(divsi3.eo)
                              c:/program files/microchip/xc16/v1.70/bin/bin/../../lib\liblega-c-elf.a(xldtob_cdfFnopsuxX.XXeo) (___divsi3)
c:/program files/microchip/xc16/v1.70/bin/bin/../../lib\libm-elf.a(dpack.eo)
                              c:/program files/microchip/xc16/v1.70/bin/bin/../../lib\libm-elf.a(divdf3.eo) (__dpack)
c:/program files/microchip/xc16/v1.70/bin/bin/../../lib\libm-elf.a(dunpack2.eo)
                              c:/program files/microchip/xc16/v1.70/bin/bin/../../lib\libm-elf.a(divdf3.eo) (__dunpack2)
c:/program files/microchip/xc16/v1.70/bin/bin/../../lib\libm-elf.a(extendsfdf.eo)
                              c:/program files/microchip/xc16/v1.70/bin/bin/../../lib\liblega-c-elf.a(xputfld_cdfFnopsuxX.XXeo) (___extendsfdf2)
c:/program files/microchip/xc16/v1.70/bin/bin/../../lib\libm-elf.a(fixdfsi.eo)
                              c:/program files/microchip/xc16/v1.70/bin/bin/../../lib\liblega-c-elf.a(xldtob_cdfFnopsuxX.XXeo) (_(float, int, long long, double, float, short, int))
c:/program files/microchip/xc16/v1.70/bin/bin/../../lib\libm-elf.a(floatsidf.eo)
                              c:/program files/microchip/xc16/v1.70/bin/bin/../../lib\liblega-c-elf.a(xldtob_cdfFnopsuxX.XXeo) (___floatsidf)
c:/program files/microchip/xc16/v1.70/bin/bin/../../lib\libm-elf.a(funpack.eo)
                              c:/program files/microchip/xc16/v1.70/bin/bin/../../lib\libm-elf.a(extendsfdf.eo) (__funpack)
c:/program files/microchip/xc16/v1.70/bin/bin/../../lib\libm-elf.a(muldf3.eo)
                              c:/program files/microchip/xc16/v1.70/bin/bin/../../lib\liblega-c-elf.a(xldtob_cdfFnopsuxX.XXeo) (___muldf3)
c:/program files/microchip/xc16/v1.70/bin/bin/../../lib\libm-elf.a(subdf3.eo)
                              c:/program files/microchip/xc16/v1.70/bin/bin/../../lib\liblega-c-elf.a(xldtob_cdfFnopsuxX.XXeo) (___subdf3)
c:/program files/microchip/xc16/v1.70/bin/bin/../../lib\libm-elf.a(udivsi3.eo)
                              c:/program files/microchip/xc16/v1.70/bin/bin/../../lib\liblega-c-elf.a(xlitob.XX_eo) (___udivsi3)
c:/program files/microchip/xc16/v1.70/bin/bin/../../lib\libm-elf.a(umodsi3.eo)
                              c:/program files/microchip/xc16/v1.70/bin/bin/../../lib\liblega-c-elf.a(xlitob.XX_eo) (___umodsi3)
c:/program files/microchip/xc16/v1.70/bin/bin/../../lib\libm-elf.a(mulsi3.eo)
                              c:/program files/microchip/xc16/v1.70/bin/bin/../../lib\liblega-c-elf.a(fclose.XX_elo) (___mulsi3)
c:/program files/microchip/xc16/v1.70/bin/bin/../../lib\libm-elf.a(divmoddi3.eo)
                              c:/program files/microchip/xc16/v1.70/bin/bin/../../lib\liblega-c-elf.a(xlitob.XX_eo) (___udivdi3)
c:/program files/microchip/xc16/v1.70/bin/bin/../../lib\libm-elf.a(adddf3.eo)
                              c:/program files/microchip/xc16/v1.70/bin/bin/../../lib\libm-elf.a(subdf3.eo) (___adddf3)
c:/program files/microchip/xc16/v1.70/bin/bin/../../lib\libm-elf.a(dcompare.eo)
                              c:/program files/microchip/xc16/v1.70/bin/bin/../../lib\libm-elf.a(deqltle.eo) (__dcompare)
c:/program files/microchip/xc16/v1.70/bin/bin/../../lib\libm-elf.a(dpropagateNaN.eo)
                              c:/program files/microchip/xc16/v1.70/bin/bin/../../lib\libm-elf.a(dunpack2.eo) (__dPropagateNaN)
c:/program files/microchip/xc16/v1.70/bin/bin/../../lib\libm-elf.a(dtype.eo)
                              c:/program files/microchip/xc16/v1.70/bin/bin/../../lib\libm-elf.a(dcompare.eo) (__dtype)
c:/program files/microchip/xc16/v1.70/bin/bin/../../lib\libm-elf.a(dunpack.eo)
                              c:/program files/microchip/xc16/v1.70/bin/bin/../../lib\libm-elf.a(dunpack2.eo) (__dunpack)
c:/program files/microchip/xc16/v1.70/bin/bin/../../lib\libm-elf.a(floatdidf.eo)
                              c:/program files/microchip/xc16/v1.70/bin/bin/../../lib\libm-elf.a(floatsidf.eo) (___floatdidf)
c:/program files/microchip/xc16/v1.70/bin/bin/../../lib\libm-elf.a(floatundidf.eo)
                              c:/program files/microchip/xc16/v1.70/bin/bin/../../lib\libm-elf.a(floatdidf.eo) (___floatundidf)


Selected CodeGuard Options:
  FGS:GWRP:OFF
  FGS:GSS:OFF
  FBS:BWRP:WRPROTECT_OFF
  FBS:BSS:NO_FLASH

CodeGuard FLASH Memory:
  boot    (none)
  secure  (none)
  general 0x200 to 0x57fe

CodeGuard RAM Memory:
  general 0x800 to 0xfff
  secure  (none)
  boot    (none)


xc16-ld 1.70 (B)

Default Code Model: Small
Default Data Model: Small
Default Scalar Model: Small

"program" Memory  [Origin = 0x200, Length = 0x5600]

section                    address   length (PC units)   length (bytes) (dec)
-------                    -------   -----------------   --------------------
.text                        0x200              0x1d4a          0x2bef  (11247)
.const                      0x1f4a               0x104           0x186  (390)
.dinit                      0x204e               0x152           0x1fb  (507)
.text                       0x21a0                0xe6           0x159  (345)

                 Total "program" memory used (bytes):         0x30c9  (12489) 37%


"data" Memory  [Origin = 0x800, Length = 0x800]

section                    address      alignment gaps    total length  (dec)
-------                    -------      --------------    -------------------
_00000000049485A063434edc     0x800                   0             0xa  (10)
.nbss                        0x80a                   0             0x2  (2)
.data                        0x80c                   0           0x11c  (284)
.bss                         0x928                   0             0x6  (6)
.data                        0x92e                   0             0x6  (6)
.bss                         0x934                   0             0x2  (2)
_00000000049483C063434edc     0xfe0                   0             0x2  (2)
_000000000494832063434edc     0xfe2                   0             0x2  (2)
_000000000494846063434edc     0xfe4                   0             0x4  (4)
_000000000494864063434edc     0xfe8                   0             0xa  (10)
_000000000494850063434edc     0xff2                   0             0xe  (14)

                 Total "data" memory used (bytes):          0x156  (342) 16%


Dynamic Memory Usage

region                     address                      maximum length  (dec)
------                     -------                      ---------------------
heap                             0                                   0  (0)
stack                        0x936                               0x6aa  (1706)

                 Maximum dynamic memory (bytes):          0x6aa  (1706)

Info: Project is using a large data memory model when small data memory model is sufficient.


External Symbols in Data Memory (by address):

                    0x0800                  _x_memory_buffer
                    0x080a                  _i
                    0x080c                  __Stdin
                    0x0834                  __Stdout
                    0x085c                  __Stderr
                    0x0884                  __Files
                    0x0928                  __Aldata
                    0x0930                  __Size_block
                    0x0932                  ___C30_UART
                    0x0934                  ___curbrk
                    0x0fe0                  _var2
                    0x0fe2                  _var1
                    0x0fe4                  _var3
                    0x0fe8                  _y_memory_buffer
                    0x0ff2                  _var4

External Symbols in Data Memory (by name):

                    0x0928                  __Aldata
                    0x0884                  __Files
                    0x0930                  __Size_block
                    0x085c                  __Stderr
                    0x080c                  __Stdin
                    0x0834                  __Stdout
                    0x0932                  ___C30_UART
                    0x0934                  ___curbrk
                    0x080a                  _i
                    0x0fe2                  _var1
                    0x0fe0                  _var2
                    0x0fe4                  _var3
                    0x0ff2                  _var4
                    0x0800                  _x_memory_buffer
                    0x0fe8                  _y_memory_buffer

External Symbols in Program Memory (by address):

                  0x000200                  __resetPRI
                  0x00023c                  __psv_init
                  0x000252                  __data_init_standard
                  0x000252                  __data_init
                  0x0002d8                  __DefaultInterrupt
                  0x0003c8                  _fwrite
                  0x000470                  _memchr
                  0x000484                  _memcpy
                  0x000492                  __Fwprep
                  0x000524                  __Closreg
                  0x000536                  _fclose
                  0x0005c6                  fclose.XX_elo:_closeall
                  0x0005e6                  __DNKfflush
                  0x00065c                  __Atexit
                  0x000674                  printf_cdfFnopsuxX.XXeo:_prout
                  0x000690                  __printf_cdnopuxX
                  0x000690                  __printf_cdfFnopsuxX
                  0x0006a0                  xprintf_cdfFnopsuxX.XXeo:_eprout
                  0x0006be                  ___ePrintf_cdfFnopsuxX
                  0x000834                  ___Printf_cdnopuxX
                  0x000834                  ___Printf_cdfFnopsuxX
                  0x00083e                  ___Putfld_cdfFnopsuxX
                  0x00083e                  ___Putfld_cdnopuxX
                  0x000b54                  ___Ldtob_cdfFnopsuxX
                  0x000da4                  ___Genld_cdfFnopsuxX
                  0x000fac                  _div
                  0x000fc2                  _free
                  0x001026                  _ldiv
                  0x0010b6                  _malloc
                  0x00110a                  _strchr
                  0x001122                  _strlen
                  0x00112e                  __Getmem
                  0x001142                  __LDunscale
                  0x001196                  __Litob
                  0x0013f4                  __Puttxt
                  0x0015a8                  __Vacopy
                  0x0015ac                  _efwrite
                  0x001684                  __Dnorm
                  0x001728                  __memcpy_eds
                  0x001728                  __memcpy_eds_3
                  0x001762                  __memchr_eds
                  0x001798                  ___eqdf2
                  0x001798                  ___ltdf2
                  0x001798                  ___ledf2
                  0x0017a2                  ___gtdf2
                  0x0017a2                  ___gedf2
                  0x0017ac                  ___divdf3
                  0x001860                  ___divsi3
                  0x00187e                  __dpack
                  0x0018d6                  __dunpack2
                  0x0018f8                  __dreturnNaN
                  0x0018fe                  __dunpack2exit
                  0x001908                  ___extendsfdf2
                  0x001946                  ___fixdfsi
                  0x00199e                  ___floatsidf
                  0x0019a4                  __funpack
                  0x0019d0                  ___muldf3
                  0x001abc                  ___subdf3
                  0x001ac0                  ___udivsi3
                  0x001ae0                  ___umodsi3
                  0x001ae6                  ___mulsi3
                  0x001ae6                  ___mulp32eds3
                  0x001ae6                  ___mulp32peds3
                  0x001b3e                  ___udivmoddi3
                  0x001c24                  ___udivdi3
                  0x001c32                  ___umoddi3
                  0x001c3a                  ___divdi3
                  0x001c9a                  ___moddi3
                  0x001cf8                  ___adddf3
                  0x001df4                  __dcompare
                  0x001e46                  __dPropagateNaN
                  0x001e62                  __dtype
                  0x001e86                  __dunpack
                  0x001ed4                  ___floatdidf
                  0x001ef4                  ___floatundidf
                  0x0021a0                  _main
                  0x002240                  _EjemploPrintf
                  0xf80000                  __FBS.sec
                  0xf80004                  __FGS.sec

External Symbols in Program Memory (by name):

                  0x002240                  _EjemploPrintf
                  0x00065c                  __Atexit
                  0x000524                  __Closreg
                  0x0005e6                  __DNKfflush
                  0x0002d8                  __DefaultInterrupt
                  0x001684                  __Dnorm
                  0xf80000                  __FBS.sec
                  0xf80004                  __FGS.sec
                  0x000492                  __Fwprep
                  0x00112e                  __Getmem
                  0x001142                  __LDunscale
                  0x001196                  __Litob
                  0x0013f4                  __Puttxt
                  0x0015a8                  __Vacopy
                  0x000da4                  ___Genld_cdfFnopsuxX
                  0x000b54                  ___Ldtob_cdfFnopsuxX
                  0x000834                  ___Printf_cdfFnopsuxX
                  0x000834                  ___Printf_cdnopuxX
                  0x00083e                  ___Putfld_cdfFnopsuxX
                  0x00083e                  ___Putfld_cdnopuxX
                  0x001cf8                  ___adddf3
                  0x0017ac                  ___divdf3
                  0x001c3a                  ___divdi3
                  0x001860                  ___divsi3
                  0x0006be                  ___ePrintf_cdfFnopsuxX
                  0x001798                  ___eqdf2
                  0x001908                  ___extendsfdf2
                  0x001946                  ___fixdfsi
                  0x001ed4                  ___floatdidf
                  0x00199e                  ___floatsidf
                  0x001ef4                  ___floatundidf
                  0x0017a2                  ___gedf2
                  0x0017a2                  ___gtdf2
                  0x001798                  ___ledf2
                  0x001798                  ___ltdf2
                  0x001c9a                  ___moddi3
                  0x0019d0                  ___muldf3
                  0x001ae6                  ___mulp32eds3
                  0x001ae6                  ___mulp32peds3
                  0x001ae6                  ___mulsi3
                  0x001abc                  ___subdf3
                  0x001c24                  ___udivdi3
                  0x001b3e                  ___udivmoddi3
                  0x001ac0                  ___udivsi3
                  0x001c32                  ___umoddi3
                  0x001ae0                  ___umodsi3
                  0x001e46                  __dPropagateNaN
                  0x000252                  __data_init
                  0x000252                  __data_init_standard
                  0x001df4                  __dcompare
                  0x00187e                  __dpack
                  0x0018f8                  __dreturnNaN
                  0x001e62                  __dtype
                  0x001e86                  __dunpack
                  0x0018d6                  __dunpack2
                  0x0018fe                  __dunpack2exit
                  0x0019a4                  __funpack
                  0x001762                  __memchr_eds
                  0x001728                  __memcpy_eds
                  0x001728                  __memcpy_eds_3
                  0x000690                  __printf_cdfFnopsuxX
                  0x000690                  __printf_cdnopuxX
                  0x00023c                  __psv_init
                  0x000200                  __resetPRI
                  0x000fac                  _div
                  0x0015ac                  _efwrite
                  0x000536                  _fclose
                  0x000fc2                  _free
                  0x0003c8                  _fwrite
                  0x001026                  _ldiv
                  0x0021a0                  _main
                  0x0010b6                  _malloc
                  0x000470                  _memchr
                  0x000484                  _memcpy
                  0x00110a                  _strchr
                  0x001122                  _strlen
                  0x0005c6                  fclose.XX_elo:_closeall
                  0x000674                  printf_cdfFnopsuxX.XXeo:_prout
                  0x0006a0                  xprintf_cdfFnopsuxX.XXeo:_eprout

Memory Configuration

Name             Origin             Length             Attributes
data             0x000800           0x000800           a !xr
reset            0x000000           0x000004  
ivt              0x000004           0x0000fc  
_reserved        0x000100           0x000004  
aivt             0x000104           0x0000fc  
program          0x000200           0x005600           xr
FBS              0xf80000           0x000002  
FGS              0xf80004           0x000002  
FOSCSEL          0xf80006           0x000002  
FOSC             0xf80008           0x000002  
FWDT             0xf8000a           0x000002  
FPOR             0xf8000c           0x000002  
FICD             0xf8000e           0x000002  
FUID0            0xf80010           0x000002  
FUID1            0xf80012           0x000002  
FUID2            0xf80014           0x000002  
FUID3            0xf80016           0x000002  
*default*        0x000000           0xffffffff  

Linker script and memory map

LOAD build/default/production/Config.o
LOAD build/default/production/mainn.o
                    0x0001                  __MPLAB_BUILD = 0x1
LOAD p33FJ32MC202
LOAD c:/program files/microchip/xc16/v1.70/bin/bin/../../lib\libfx-elf.a
                    0xf80000                  __FBS = 0xf80000
                    0xf80004                  __FGS = 0xf80004
                    0xf80006                  __FOSCSEL = 0xf80006
                    0xf80008                  __FOSC = 0xf80008
                    0xf8000a                  __FWDT = 0xf8000a
                    0xf8000c                  __FPOR = 0xf8000c
                    0xf8000e                  __FICD = 0xf8000e
                    0xf80010                  __FUID0 = 0xf80010
                    0xf80012                  __FUID1 = 0xf80012
                    0xf80014                  __FUID2 = 0xf80014
                    0xf80016                  __FUID3 = 0xf80016
                    0x0001                  __NO_HANDLES = 0x1
                    0x0200                  __CODE_BASE = 0x200
                    0x5600                  __CODE_LENGTH = 0x5600
                    0x0004                  __IVT_BASE = 0x4
                    0x0104                  __AIVT_BASE = 0x104
                    0x0800                  __DATA_BASE = 0x800
                    0x0800                  __DATA_LENGTH = 0x800
                    0x0c00                  __YDATA_BASE = 0xc00

.reset            0x000000          0x4
                  0x000000          0x2 SHORT 0x200 ABSOLUTE (__reset)
                  0x000001          0x2 SHORT 0x4
                  0x000002          0x2 SHORT 0x0 ((ABSOLUTE (__reset) >> 0x10) & 0x7f)
                  0x000003          0x2 SHORT 0x0

.text             0x000200       0x1d4a
 *(.init)
 .init            0x000200         0x4c c:/program files/microchip/xc16/v1.70/bin/bin/../../lib\liblega-pic30-elf.a(crt0_standard.o)
                  0x000200                  __resetPRI
                  0x000200                  __reset
                  0x00023c                  __psv_init
 .init            0x00024c         0x7c c:/program files/microchip/xc16/v1.70/bin/bin/../../lib\liblega-pic30-elf.a(data_init_standard.o)
                  0x000252                  __data_init_standard
                  0x000252                  __data_init
 *(.user_init)
 *(.handle)
 *(.isr*)
 .isr             0x0002d8          0x4 default_isr
                  0x0002d8                  __DefaultInterrupt
 *(.libc)
 .libc            0x0002dc         0x12 c:/program files/microchip/xc16/v1.70/bin/bin/../../lib\liblega-pic30-elf.a(close.Leo)
                  0x0002dc                  _close
 .libc            0x0002ee         0x84 c:/program files/microchip/xc16/v1.70/bin/bin/../../lib\liblega-pic30-elf.a(write.Leo)
                  0x0002ee                  _write
 .libc            0x000372         0x12 c:/program files/microchip/xc16/v1.70/bin/bin/../../lib\liblega-pic30-elf.a(remove.Leo)
                  0x000372                  _remove
 .libc            0x000384         0x28 c:/program files/microchip/xc16/v1.70/bin/bin/../../lib\liblega-pic30-elf.a(sbrk.Leo)
                  0x000384                  _sbrk
 .libc            0x0003ac         0x1a c:/program files/microchip/xc16/v1.70/bin/bin/../../lib\liblega-pic30-elf.a(brk.Lelo)
                  0x0003ac                  _brk
 *(.libm)
 *(.libdsp)
 *(.lib*)
 .libpic30_crt_start_mode
                  0x0003c6          0x2 c:/program files/microchip/xc16/v1.70/bin/bin/../../lib\liblega-pic30-elf.a(crt_start_mode_normal.Leo)
                  0x0003c6                  __crt_start_mode
                  0x0003c6                  __crt_start_mode_normal
 .libc.fwrite     0x0003c8         0xa8 c:/program files/microchip/xc16/v1.70/bin/bin/../../lib\liblega-c-elf.a(fwrite.XX_eo)
                  0x0003c8                  _fwrite
 .libc.memchr     0x000470         0x14 c:/program files/microchip/xc16/v1.70/bin/bin/../../lib\liblega-c-elf.a(memchr.XX_eo)
                  0x000470                  _memchr
 .libc.memcpy     0x000484          0xe c:/program files/microchip/xc16/v1.70/bin/bin/../../lib\liblega-c-elf.a(memcpy.XX_eo)
                  0x000484                  _memcpy
 .libc._Fwprep    0x000492         0x8e c:/program files/microchip/xc16/v1.70/bin/bin/../../lib\liblega-c-elf.a(xfwprep.XX_eo)
                  0x000492                  __Fwprep
 .libc.closeallreg
                  0x000520          0x4 c:/program files/microchip/xc16/v1.70/bin/bin/../../lib\liblega-c-elf.a(fclose.XX_elo)
 .libc._Closreg
                  0x000524         0x12 c:/program files/microchip/xc16/v1.70/bin/bin/../../lib\liblega-c-elf.a(fclose.XX_elo)
                  0x000524                  __Closreg
 .libc.fclose     0x000536         0x90 c:/program files/microchip/xc16/v1.70/bin/bin/../../lib\liblega-c-elf.a(fclose.XX_elo)
                  0x000536                  _fclose
 .libc.closeall
                  0x0005c6         0x20 c:/program files/microchip/xc16/v1.70/bin/bin/../../lib\liblega-c-elf.a(fclose.XX_elo)
                  0x0005c6                  fclose.XX_elo:_closeall
 .libc._DNKfflush
                  0x0005e6         0x76 c:/program files/microchip/xc16/v1.70/bin/bin/../../lib\liblega-c-elf.a(fflush.XX_elo)
                  0x0005e6                  __DNKfflush
 .libc._Atexit    0x00065c         0x18 c:/program files/microchip/xc16/v1.70/bin/bin/../../lib\liblega-c-elf.a(xatexit.XX_elo)
                  0x00065c                  __Atexit
 .libc.prout      0x000674         0x1c c:/program files/microchip/xc16/v1.70/bin/bin/../../lib\liblega-c-elf.a(printf_cdfFnopsuxX.XXeo)
                  0x000674                  printf_cdfFnopsuxX.XXeo:_prout
 .libc._printf_cdfFnopsuxX
                  0x000690         0x10 c:/program files/microchip/xc16/v1.70/bin/bin/../../lib\liblega-c-elf.a(printf_cdfFnopsuxX.XXeo)
                  0x000690                  __printf_cdfFnopsuxX
                  0x000690                  __printf_cdnopuxX
 .libc.eprout     0x0006a0         0x1e c:/program files/microchip/xc16/v1.70/bin/bin/../../lib\liblega-c-elf.a(xprintf_cdfFnopsuxX.XXeo)
                  0x0006a0                  xprintf_cdfFnopsuxX.XXeo:_eprout
 .libc.__ePrintf_cdfFnopsuxX
                  0x0006be        0x176 c:/program files/microchip/xc16/v1.70/bin/bin/../../lib\liblega-c-elf.a(xprintf_cdfFnopsuxX.XXeo)
                  0x0006be                  ___ePrintf_cdfFnopsuxX
 .libc.__Printf_cdfFnopsuxX
                  0x000834          0xa c:/program files/microchip/xc16/v1.70/bin/bin/../../lib\liblega-c-elf.a(xprintf_cdfFnopsuxX.XXeo)
                  0x000834                  ___Printf_cdnopuxX
                  0x000834                  ___Printf_cdfFnopsuxX
 .libc.__Putfld_cdfFnopsuxX
                  0x00083e        0x316 c:/program files/microchip/xc16/v1.70/bin/bin/../../lib\liblega-c-elf.a(xputfld_cdfFnopsuxX.XXeo)
                  0x00083e                  ___Putfld_cdfFnopsuxX
                  0x00083e                  ___Putfld_cdnopuxX
 .libc.__Ldtob_cdfFnopsuxX
                  0x000b54        0x250 c:/program files/microchip/xc16/v1.70/bin/bin/../../lib\liblega-c-elf.a(xldtob_cdfFnopsuxX.XXeo)
                  0x000b54                  ___Ldtob_cdfFnopsuxX
 .libc.__Genld_cdfFnopsuxX
                  0x000da4        0x208 c:/program files/microchip/xc16/v1.70/bin/bin/../../lib\liblega-c-elf.a(xgenld_cdfFnopsuxX.XXeo)
                  0x000da4                  ___Genld_cdfFnopsuxX
 .libc.div        0x000fac         0x16 c:/program files/microchip/xc16/v1.70/bin/bin/../../lib\liblega-c-elf.a(div.XX_eo)
                  0x000fac                  _div
 .libc.free       0x000fc2         0x64 c:/program files/microchip/xc16/v1.70/bin/bin/../../lib\liblega-c-elf.a(free.XX_eo)
                  0x000fc2                  _free
 .libc.ldiv       0x001026         0x2a c:/program files/microchip/xc16/v1.70/bin/bin/../../lib\liblega-c-elf.a(ldiv.XX_eo)
                  0x001026                  _ldiv
 .libc.findmem    0x001050         0x66 c:/program files/microchip/xc16/v1.70/bin/bin/../../lib\liblega-c-elf.a(malloc.XX_eo)
 .libc.malloc     0x0010b6         0x54 c:/program files/microchip/xc16/v1.70/bin/bin/../../lib\liblega-c-elf.a(malloc.XX_eo)
                  0x0010b6                  _malloc
 .libc.strchr     0x00110a         0x18 c:/program files/microchip/xc16/v1.70/bin/bin/../../lib\liblega-c-elf.a(strchr.XX_eo)
                  0x00110a                  _strchr
 .libc.strlen     0x001122          0xc c:/program files/microchip/xc16/v1.70/bin/bin/../../lib\liblega-c-elf.a(strlen.XX_eo)
                  0x001122                  _strlen
 .libc._Getmem    0x00112e         0x14 c:/program files/microchip/xc16/v1.70/bin/bin/../../lib\liblega-c-elf.a(xgetmem.XX_eo)
                  0x00112e                  __Getmem
 .libc._LDunscale
                  0x001142         0x54 c:/program files/microchip/xc16/v1.70/bin/bin/../../lib\liblega-c-elf.a(xldunsca.XX_eo)
                  0x001142                  __LDunscale
 .libc._Litob     0x001196        0x25e c:/program files/microchip/xc16/v1.70/bin/bin/../../lib\liblega-c-elf.a(xlitob.XX_eo)
                  0x001196                  __Litob
 .libc._Puttxt    0x0013f4        0x1b4 c:/program files/microchip/xc16/v1.70/bin/bin/../../lib\liblega-c-elf.a(xputtxt.XX_eo)
                  0x0013f4                  __Puttxt
 .libc._Vacopy    0x0015a8          0x4 c:/program files/microchip/xc16/v1.70/bin/bin/../../lib\liblega-c-elf.a(xvacopy.XX_eo)
                  0x0015a8                  __Vacopy
 .libc.efwrite    0x0015ac         0xd8 c:/program files/microchip/xc16/v1.70/bin/bin/../../lib\liblega-c-elf.a(efwrite.XX_eo)
                  0x0015ac                  _efwrite
 .libc._Dnorm     0x001684         0x98 c:/program files/microchip/xc16/v1.70/bin/bin/../../lib\liblega-c-elf.a(xdnorm.XX_elo)
                  0x001684                  __Dnorm
 .libc.doclose    0x00171c          0x4 c:/program files/microchip/xc16/v1.70/bin/bin/../../lib\liblega-pic30-elf.a(close.Leo)
 .libc.dowrite    0x001720          0x4 c:/program files/microchip/xc16/v1.70/bin/bin/../../lib\liblega-pic30-elf.a(write.Leo)
 .libc.doremove
                  0x001724          0x4 c:/program files/microchip/xc16/v1.70/bin/bin/../../lib\liblega-pic30-elf.a(remove.Leo)
 .libc.memcpy_eds
                  0x001728         0x3a c:/program files/microchip/xc16/v1.70/bin/bin/../../lib\liblega-pic30-elf.a(memcpy_eds.Leo)
                  0x001728                  __memcpy_eds_3
                  0x001728                  __memcpy_eds
 .libc._memchr_eds
                  0x001762         0x36 c:/program files/microchip/xc16/v1.70/bin/bin/../../lib\liblega-pic30-elf.a(memchr_eds.Leo)
                  0x001762                  __memchr_eds
 .libm.eqdf2      0x001798          0xa c:/program files/microchip/xc16/v1.70/bin/bin/../../lib\libm-elf.a(deqltle.eo)
                  0x001798                  ___eqdf2
                  0x001798                  ___ltdf2
                  0x001798                  ___ledf2
 .libm.gtdf2      0x0017a2          0xa c:/program files/microchip/xc16/v1.70/bin/bin/../../lib\libm-elf.a(dgtge.eo)
                  0x0017a2                  ___gtdf2
                  0x0017a2                  ___gedf2
 .libm.divdf3     0x0017ac         0xb4 c:/program files/microchip/xc16/v1.70/bin/bin/../../lib\libm-elf.a(divdf3.eo)
                  0x0017ac                  ___divdf3
 .libm.divsi3     0x001860         0x1e c:/program files/microchip/xc16/v1.70/bin/bin/../../lib\libm-elf.a(divsi3.eo)
                  0x001860                  ___divsi3
 .libm.dpack      0x00187e         0x58 c:/program files/microchip/xc16/v1.70/bin/bin/../../lib\libm-elf.a(dpack.eo)
                  0x00187e                  __dpack
 .libm.dunpack2
                  0x0018d6         0x32 c:/program files/microchip/xc16/v1.70/bin/bin/../../lib\libm-elf.a(dunpack2.eo)
                  0x0018d6                  __dunpack2
                  0x0018f8                  __dreturnNaN
                  0x0018fe                  __dunpack2exit
 .libm.extendsfdf2
                  0x001908         0x3e c:/program files/microchip/xc16/v1.70/bin/bin/../../lib\libm-elf.a(extendsfdf.eo)
                  0x001908                  ___extendsfdf2
 .libm.fixdfsi    0x001946         0x58 c:/program files/microchip/xc16/v1.70/bin/bin/../../lib\libm-elf.a(fixdfsi.eo)
                  0x001946                  _(float, int, long long, double, float, short, int)
 .libm.floatsidf
                  0x00199e          0x6 c:/program files/microchip/xc16/v1.70/bin/bin/../../lib\libm-elf.a(floatsidf.eo)
                  0x00199e                  ___floatsidf
 .libm.funpack    0x0019a4         0x2a c:/program files/microchip/xc16/v1.70/bin/bin/../../lib\libm-elf.a(funpack.eo)
                  0x0019a4                  __funpack
 *fill*           0x0019ce          0x400
 .libm.muldf3     0x0019d0         0xec c:/program files/microchip/xc16/v1.70/bin/bin/../../lib\libm-elf.a(muldf3.eo)
                  0x0019d0                  ___muldf3
 .libm.subdf3     0x001abc          0x4 c:/program files/microchip/xc16/v1.70/bin/bin/../../lib\libm-elf.a(subdf3.eo)
                  0x001abc                  ___subdf3
 .libm.udivsi3    0x001ac0         0x20 c:/program files/microchip/xc16/v1.70/bin/bin/../../lib\libm-elf.a(udivsi3.eo)
                  0x001ac0                  ___udivsi3
 .libm.umodsi3    0x001ae0          0x6 c:/program files/microchip/xc16/v1.70/bin/bin/../../lib\libm-elf.a(umodsi3.eo)
                  0x001ae0                  ___umodsi3
 .libm.mulsi3     0x001ae6          0xc c:/program files/microchip/xc16/v1.70/bin/bin/../../lib\libm-elf.a(mulsi3.eo)
                  0x001ae6                  ___mulp32peds3
                  0x001ae6                  ___mulsi3
                  0x001ae6                  ___mulp32eds3
 .libm.__PplusBdi
                  0x001af2         0x26 c:/program files/microchip/xc16/v1.70/bin/bin/../../lib\libm-elf.a(divmoddi3.eo)
 .libm.__PminusBdi
                  0x001b18         0x26 c:/program files/microchip/xc16/v1.70/bin/bin/../../lib\libm-elf.a(divmoddi3.eo)
 .libm.__udivmoddi3
                  0x001b3e         0xe6 c:/program files/microchip/xc16/v1.70/bin/bin/../../lib\libm-elf.a(divmoddi3.eo)
                  0x001b3e                  ___udivmoddi3
 .libm.__udivdi3
                  0x001c24          0xe c:/program files/microchip/xc16/v1.70/bin/bin/../../lib\libm-elf.a(divmoddi3.eo)
                  0x001c24                  ___udivdi3
 .libm.__umoddi3
                  0x001c32          0x8 c:/program files/microchip/xc16/v1.70/bin/bin/../../lib\libm-elf.a(divmoddi3.eo)
                  0x001c32                  ___umoddi3
 .libm.__divdi3
                  0x001c3a         0x60 c:/program files/microchip/xc16/v1.70/bin/bin/../../lib\libm-elf.a(divmoddi3.eo)
                  0x001c3a                  ___divdi3
 .libm.__moddi3
                  0x001c9a         0x5c c:/program files/microchip/xc16/v1.70/bin/bin/../../lib\libm-elf.a(divmoddi3.eo)
                  0x001c9a                  ___moddi3
 *fill*           0x001cf6          0x400
 .libm.adddf3     0x001cf8         0xfc c:/program files/microchip/xc16/v1.70/bin/bin/../../lib\libm-elf.a(adddf3.eo)
                  0x001cf8                  ___adddf3
 .libm.dcompare
                  0x001df4         0x52 c:/program files/microchip/xc16/v1.70/bin/bin/../../lib\libm-elf.a(dcompare.eo)
                  0x001df4                  __dcompare
 .libm.dPropagateNaN
                  0x001e46         0x1c c:/program files/microchip/xc16/v1.70/bin/bin/../../lib\libm-elf.a(dpropagateNaN.eo)
                  0x001e46                  __dPropagateNaN
 .libm.dtype      0x001e62         0x24 c:/program files/microchip/xc16/v1.70/bin/bin/../../lib\libm-elf.a(dtype.eo)
                  0x001e62                  __dtype
 .libm.dunpack    0x001e86         0x4e c:/program files/microchip/xc16/v1.70/bin/bin/../../lib\libm-elf.a(dunpack.eo)
                  0x001e86                  __dunpack
 .libm.floatdidf
                  0x001ed4         0x20 c:/program files/microchip/xc16/v1.70/bin/bin/../../lib\libm-elf.a(floatdidf.eo)
                  0x001ed4                  ___floatdidf
 .libm.floatundidf
                  0x001ef4         0x56 c:/program files/microchip/xc16/v1.70/bin/bin/../../lib\libm-elf.a(floatundidf.eo)
                  0x001ef4                  ___floatundidf

usercode
 *(usercode)

__FBS             0xf80000          0x2
 *(__FBS.sec*)
 __FBS.sec        0xf80000          0x2 /CW/_FBSê¿8
                  0xf80000                  __FBS.sec

__FGS             0xf80004          0x2
 *(__FGS.sec*)
 __FGS.sec        0xf80004          0x2 /CW/_FGSp†8
                  0xf80004                  __FGS.sec

__FOSCSEL
 *(__FOSCSEL.sec*)

__FOSC
 *(__FOSC.sec*)

__FWDT
 *(__FWDT.sec*)

__FPOR
 *(__FPOR.sec*)

__FICD
 *(__FICD.sec*)

__FUID0
 *(__FUID0.sec*)

__FUID1
 *(__FUID1.sec*)

__FUID2
 *(__FUID2.sec*)

__FUID3
 *(__FUID3.sec*)

.comment          0x000000         0x5e
 *(.comment)
 .comment         0x000000         0x5e c:/program files/microchip/xc16/v1.70/bin/bin/../../lib\liblega-c-elf.a(xfiles.XX_eo)

.debug_info       0x000000        0x3f2
 *(.debug_info)
 .debug_info      0x000000        0x12e build/default/production/Config.o
 .debug_info      0x00012e        0x2c4 build/default/production/mainn.o
 *(.gnu.linkonce.wi.*)

.debug_abbrev     0x000000         0xe7
 *(.debug_abbrev)
 .debug_abbrev    0x000000         0x1f build/default/production/Config.o
 .debug_abbrev    0x00001f         0xc8 build/default/production/mainn.o

.debug_line       0x000000         0xb9
 *(.debug_line)
 .debug_line      0x000000         0x1a build/default/production/Config.o
 .debug_line      0x00001a         0x9f build/default/production/mainn.o

.debug_frame      0x000000         0x80
 *(.debug_frame)
 .debug_frame     0x000000         0x80 build/default/production/mainn.o

.debug_str        0x000000         0x20
 *(.debug_str)
 .debug_str       0x000000         0x20 build/default/production/mainn.o

.debug_loc
 *(.debug_loc)

.debug_macinfo
 *(.debug_macinfo)

.debug_pubnames
                  0x000000         0x7f
 *(.debug_pubnames)
 .debug_pubnames
                  0x000000         0x7f build/default/production/mainn.o

.debug_ranges
 *(.debug_ranges)

.debug_aranges    0x000000         0x18
 *(.debug_aranges)
 .debug_aranges
                  0x000000         0x18 build/default/production/mainn.o
                    0x0000                  WREG0 = 0x0
                    0x0000                  _WREG0 = 0x0
                    0x0002                  WREG1 = 0x2
                    0x0002                  _WREG1 = 0x2
                    0x0004                  WREG2 = 0x4
                    0x0004                  _WREG2 = 0x4
                    0x0006                  WREG3 = 0x6
                    0x0006                  _WREG3 = 0x6
                    0x0008                  WREG4 = 0x8
                    0x0008                  _WREG4 = 0x8
                    0x000a                  WREG5 = 0xa
                    0x000a                  _WREG5 = 0xa
                    0x000c                  WREG6 = 0xc
                    0x000c                  _WREG6 = 0xc
                    0x000e                  WREG7 = 0xe
                    0x000e                  _WREG7 = 0xe
                    0x0010                  WREG8 = 0x10
                    0x0010                  _WREG8 = 0x10
                    0x0012                  WREG9 = 0x12
                    0x0012                  _WREG9 = 0x12
                    0x0014                  WREG10 = 0x14
                    0x0014                  _WREG10 = 0x14
                    0x0016                  WREG11 = 0x16
                    0x0016                  _WREG11 = 0x16
                    0x0018                  WREG12 = 0x18
                    0x0018                  _WREG12 = 0x18
                    0x001a                  WREG13 = 0x1a
                    0x001a                  _WREG13 = 0x1a
                    0x001c                  WREG14 = 0x1c
                    0x001c                  _WREG14 = 0x1c
                    0x001e                  WREG15 = 0x1e
                    0x001e                  _WREG15 = 0x1e
                    0x0020                  SPLIM = 0x20
                    0x0020                  _SPLIM = 0x20
                    0x0022                  ACCAL = 0x22
                    0x0022                  _ACCAL = 0x22
                    0x0024                  ACCAH = 0x24
                    0x0024                  _ACCAH = 0x24
                    0x0026                  ACCAU = 0x26
                    0x0026                  _ACCAU = 0x26
                    0x0028                  ACCBL = 0x28
                    0x0028                  _ACCBL = 0x28
                    0x002a                  ACCBH = 0x2a
                    0x002a                  _ACCBH = 0x2a
                    0x002c                  ACCBU = 0x2c
                    0x002c                  _ACCBU = 0x2c
                    0x002e                  PCL = 0x2e
                    0x002e                  _PCL = 0x2e
                    0x0030                  PCH = 0x30
                    0x0030                  _PCH = 0x30
                    0x0032                  TBLPAG = 0x32
                    0x0032                  _TBLPAG = 0x32
                    0x0034                  PSVPAG = 0x34
                    0x0034                  _PSVPAG = 0x34
                    0x0036                  RCOUNT = 0x36
                    0x0036                  _RCOUNT = 0x36
                    0x0038                  DCOUNT = 0x38
                    0x0038                  _DCOUNT = 0x38
                    0x003a                  DOSTARTL = 0x3a
                    0x003a                  _DOSTARTL = 0x3a
                    0x003c                  DOSTARTH = 0x3c
                    0x003c                  _DOSTARTH = 0x3c
                    0x003e                  DOENDL = 0x3e
                    0x003e                  _DOENDL = 0x3e
                    0x0040                  DOENDH = 0x40
                    0x0040                  _DOENDH = 0x40
                    0x0042                  SR = 0x42
                    0x0042                  _SR = 0x42
                    0x0042                  _SRbits = 0x42
                    0x0044                  CORCON = 0x44
                    0x0044                  _CORCON = 0x44
                    0x0044                  _CORCONbits = 0x44
                    0x0046                  MODCON = 0x46
                    0x0046                  _MODCON = 0x46
                    0x0046                  _MODCONbits = 0x46
                    0x0048                  XMODSRT = 0x48
                    0x0048                  _XMODSRT = 0x48
                    0x004a                  XMODEND = 0x4a
                    0x004a                  _XMODEND = 0x4a
                    0x004c                  YMODSRT = 0x4c
                    0x004c                  _YMODSRT = 0x4c
                    0x004e                  YMODEND = 0x4e
                    0x004e                  _YMODEND = 0x4e
                    0x0050                  XBREV = 0x50
                    0x0050                  _XBREV = 0x50
                    0x0050                  _XBREVbits = 0x50
                    0x0052                  DISICNT = 0x52
                    0x0052                  _DISICNT = 0x52
                    0x0060                  CNEN1 = 0x60
                    0x0060                  _CNEN1 = 0x60
                    0x0060                  _CNEN1bits = 0x60
                    0x0062                  CNEN2 = 0x62
                    0x0062                  _CNEN2 = 0x62
                    0x0062                  _CNEN2bits = 0x62
                    0x0068                  CNPU1 = 0x68
                    0x0068                  _CNPU1 = 0x68
                    0x0068                  _CNPU1bits = 0x68
                    0x006a                  CNPU2 = 0x6a
                    0x006a                  _CNPU2 = 0x6a
                    0x006a                  _CNPU2bits = 0x6a
                    0x0080                  INTCON1 = 0x80
                    0x0080                  _INTCON1 = 0x80
                    0x0080                  _INTCON1bits = 0x80
                    0x0082                  INTCON2 = 0x82
                    0x0082                  _INTCON2 = 0x82
                    0x0082                  _INTCON2bits = 0x82
                    0x0084                  IFS0 = 0x84
                    0x0084                  _IFS0 = 0x84
                    0x0084                  _IFS0bits = 0x84
                    0x0086                  IFS1 = 0x86
                    0x0086                  _IFS1 = 0x86
                    0x0086                  _IFS1bits = 0x86
                    0x008a                  IFS3 = 0x8a
                    0x008a                  _IFS3 = 0x8a
                    0x008a                  _IFS3bits = 0x8a
                    0x008c                  IFS4 = 0x8c
                    0x008c                  _IFS4 = 0x8c
                    0x008c                  _IFS4bits = 0x8c
                    0x0094                  IEC0 = 0x94
                    0x0094                  _IEC0 = 0x94
                    0x0094                  _IEC0bits = 0x94
                    0x0096                  IEC1 = 0x96
                    0x0096                  _IEC1 = 0x96
                    0x0096                  _IEC1bits = 0x96
                    0x009a                  IEC3 = 0x9a
                    0x009a                  _IEC3 = 0x9a
                    0x009a                  _IEC3bits = 0x9a
                    0x009c                  IEC4 = 0x9c
                    0x009c                  _IEC4 = 0x9c
                    0x009c                  _IEC4bits = 0x9c
                    0x00a4                  IPC0 = 0xa4
                    0x00a4                  _IPC0 = 0xa4
                    0x00a4                  _IPC0bits = 0xa4
                    0x00a6                  IPC1 = 0xa6
                    0x00a6                  _IPC1 = 0xa6
                    0x00a6                  _IPC1bits = 0xa6
                    0x00a8                  IPC2 = 0xa8
                    0x00a8                  _IPC2 = 0xa8
                    0x00a8                  _IPC2bits = 0xa8
                    0x00aa                  IPC3 = 0xaa
                    0x00aa                  _IPC3 = 0xaa
                    0x00aa                  _IPC3bits = 0xaa
                    0x00ac                  IPC4 = 0xac
                    0x00ac                  _IPC4 = 0xac
                    0x00ac                  _IPC4bits = 0xac
                    0x00ae                  IPC5 = 0xae
                    0x00ae                  _IPC5 = 0xae
                    0x00ae                  _IPC5bits = 0xae
                    0x00b2                  IPC7 = 0xb2
                    0x00b2                  _IPC7 = 0xb2
                    0x00b2                  _IPC7bits = 0xb2
                    0x00c0                  IPC14 = 0xc0
                    0x00c0                  _IPC14 = 0xc0
                    0x00c0                  _IPC14bits = 0xc0
                    0x00c2                  IPC15 = 0xc2
                    0x00c2                  _IPC15 = 0xc2
                    0x00c2                  _IPC15bits = 0xc2
                    0x00c4                  IPC16 = 0xc4
                    0x00c4                  _IPC16 = 0xc4
                    0x00c4                  _IPC16bits = 0xc4
                    0x00c8                  IPC18 = 0xc8
                    0x00c8                  _IPC18 = 0xc8
                    0x00c8                  _IPC18bits = 0xc8
                    0x00e0                  INTTREG = 0xe0
                    0x00e0                  _INTTREG = 0xe0
                    0x00e0                  _INTTREGbits = 0xe0
                    0x0100                  TMR1 = 0x100
                    0x0100                  _TMR1 = 0x100
                    0x0102                  PR1 = 0x102
                    0x0102                  _PR1 = 0x102
                    0x0104                  T1CON = 0x104
                    0x0104                  _T1CON = 0x104
                    0x0104                  _T1CONbits = 0x104
                    0x0106                  TMR2 = 0x106
                    0x0106                  _TMR2 = 0x106
                    0x0108                  TMR3HLD = 0x108
                    0x0108                  _TMR3HLD = 0x108
                    0x010a                  TMR3 = 0x10a
                    0x010a                  _TMR3 = 0x10a
                    0x010c                  PR2 = 0x10c
                    0x010c                  _PR2 = 0x10c
                    0x010e                  PR3 = 0x10e
                    0x010e                  _PR3 = 0x10e
                    0x0110                  T2CON = 0x110
                    0x0110                  _T2CON = 0x110
                    0x0110                  _T2CONbits = 0x110
                    0x0112                  T3CON = 0x112
                    0x0112                  _T3CON = 0x112
                    0x0112                  _T3CONbits = 0x112
                    0x0140                  IC1BUF = 0x140
                    0x0140                  _IC1BUF = 0x140
                    0x0142                  IC1CON = 0x142
                    0x0142                  _IC1CON = 0x142
                    0x0142                  _IC1CONbits = 0x142
                    0x0144                  IC2BUF = 0x144
                    0x0144                  _IC2BUF = 0x144
                    0x0146                  IC2CON = 0x146
                    0x0146                  _IC2CON = 0x146
                    0x0146                  _IC2CONbits = 0x146
                    0x0158                  IC7BUF = 0x158
                    0x0158                  _IC7BUF = 0x158
                    0x015a                  IC7CON = 0x15a
                    0x015a                  _IC7CON = 0x15a
                    0x015a                  _IC7CONbits = 0x15a
                    0x015c                  IC8BUF = 0x15c
                    0x015c                  _IC8BUF = 0x15c
                    0x015e                  IC8CON = 0x15e
                    0x015e                  _IC8CON = 0x15e
                    0x015e                  _IC8CONbits = 0x15e
                    0x0180                  OC1RS = 0x180
                    0x0180                  _OC1RS = 0x180
                    0x0182                  OC1R = 0x182
                    0x0182                  _OC1R = 0x182
                    0x0184                  OC1CON = 0x184
                    0x0184                  _OC1CON = 0x184
                    0x0184                  _OC1CONbits = 0x184
                    0x0186                  OC2RS = 0x186
                    0x0186                  _OC2RS = 0x186
                    0x0188                  OC2R = 0x188
                    0x0188                  _OC2R = 0x188
                    0x018a                  OC2CON = 0x18a
                    0x018a                  _OC2CON = 0x18a
                    0x018a                  _OC2CONbits = 0x18a
                    0x01c0                  P1TCON = 0x1c0
                    0x01c0                  _P1TCON = 0x1c0
                    0x01c0                  _P1TCONbits = 0x1c0
                    0x01c0                  PTCON = 0x1c0
                    0x01c0                  _PTCON = 0x1c0
                    0x01c0                  _PTCONbits = 0x1c0
                    0x01c2                  P1TMR = 0x1c2
                    0x01c2                  _P1TMR = 0x1c2
                    0x01c2                  _P1TMRbits = 0x1c2
                    0x01c2                  PTMR = 0x1c2
                    0x01c2                  _PTMR = 0x1c2
                    0x01c2                  _PTMRbits = 0x1c2
                    0x01c4                  P1TPER = 0x1c4
                    0x01c4                  _P1TPER = 0x1c4
                    0x01c4                  _P1TPERbits = 0x1c4
                    0x01c4                  PTPER = 0x1c4
                    0x01c4                  _PTPER = 0x1c4
                    0x01c4                  _PTPERbits = 0x1c4
                    0x01c6                  P1SECMP = 0x1c6
                    0x01c6                  _P1SECMP = 0x1c6
                    0x01c6                  _P1SECMPbits = 0x1c6
                    0x01c6                  SEVTCMP = 0x1c6
                    0x01c6                  _SEVTCMP = 0x1c6
                    0x01c6                  _SEVTCMPbits = 0x1c6
                    0x01c8                  PWM1CON1 = 0x1c8
                    0x01c8                  _PWM1CON1 = 0x1c8
                    0x01c8                  _PWM1CON1bits = 0x1c8
                    0x01c8                  PWMCON1 = 0x1c8
                    0x01c8                  _PWMCON1 = 0x1c8
                    0x01c8                  _PWMCON1bits = 0x1c8
                    0x01ca                  PWM1CON2 = 0x1ca
                    0x01ca                  _PWM1CON2 = 0x1ca
                    0x01ca                  _PWM1CON2bits = 0x1ca
                    0x01ca                  PWMCON2 = 0x1ca
                    0x01ca                  _PWMCON2 = 0x1ca
                    0x01ca                  _PWMCON2bits = 0x1ca
                    0x01cc                  DTCON1 = 0x1cc
                    0x01cc                  _DTCON1 = 0x1cc
                    0x01cc                  _DTCON1bits = 0x1cc
                    0x01cc                  P1DTCON1 = 0x1cc
                    0x01cc                  _P1DTCON1 = 0x1cc
                    0x01cc                  _P1DTCON1bits = 0x1cc
                    0x01ce                  DTCON2 = 0x1ce
                    0x01ce                  _DTCON2 = 0x1ce
                    0x01ce                  _DTCON2bits = 0x1ce
                    0x01ce                  P1DTCON2 = 0x1ce
                    0x01ce                  _P1DTCON2 = 0x1ce
                    0x01ce                  _P1DTCON2bits = 0x1ce
                    0x01d0                  FLTACON = 0x1d0
                    0x01d0                  _FLTACON = 0x1d0
                    0x01d0                  _FLTACONbits = 0x1d0
                    0x01d0                  P1FLTACON = 0x1d0
                    0x01d0                  _P1FLTACON = 0x1d0
                    0x01d0                  _P1FLTACONbits = 0x1d0
                    0x01d4                  OVDCON = 0x1d4
                    0x01d4                  _OVDCON = 0x1d4
                    0x01d4                  _OVDCONbits = 0x1d4
                    0x01d4                  P1OVDCON = 0x1d4
                    0x01d4                  _P1OVDCON = 0x1d4
                    0x01d4                  _P1OVDCONbits = 0x1d4
                    0x01d6                  P1DC1 = 0x1d6
                    0x01d6                  _P1DC1 = 0x1d6
                    0x01d6                  PDC1 = 0x1d6
                    0x01d6                  _PDC1 = 0x1d6
                    0x01d8                  P1DC2 = 0x1d8
                    0x01d8                  _P1DC2 = 0x1d8
                    0x01d8                  PDC2 = 0x1d8
                    0x01d8                  _PDC2 = 0x1d8
                    0x01da                  P1DC3 = 0x1da
                    0x01da                  _P1DC3 = 0x1da
                    0x01da                  PDC3 = 0x1da
                    0x01da                  _PDC3 = 0x1da
                    0x01e0                  QEI1CON = 0x1e0
                    0x01e0                  _QEI1CON = 0x1e0
                    0x01e0                  _QEI1CONbits = 0x1e0
                    0x01e0                  QEICON = 0x1e0
                    0x01e0                  _QEICON = 0x1e0
                    0x01e0                  _QEICONbits = 0x1e0
                    0x01e2                  DFLT1CON = 0x1e2
                    0x01e2                  _DFLT1CON = 0x1e2
                    0x01e2                  _DFLT1CONbits = 0x1e2
                    0x01e2                  DFLTCON = 0x1e2
                    0x01e2                  _DFLTCON = 0x1e2
                    0x01e2                  _DFLTCONbits = 0x1e2
                    0x01e4                  POS1CNT = 0x1e4
                    0x01e4                  _POS1CNT = 0x1e4
                    0x01e4                  POSCNT = 0x1e4
                    0x01e4                  _POSCNT = 0x1e4
                    0x01e6                  MAX1CNT = 0x1e6
                    0x01e6                  _MAX1CNT = 0x1e6
                    0x01e6                  MAXCNT = 0x1e6
                    0x01e6                  _MAXCNT = 0x1e6
                    0x0200                  I2C1RCV = 0x200
                    0x0200                  _I2C1RCV = 0x200
                    0x0200                  I2CRCV = 0x200
                    0x0200                  _I2CRCV = 0x200
                    0x0202                  I2C1TRN = 0x202
                    0x0202                  _I2C1TRN = 0x202
                    0x0202                  I2CTRN = 0x202
                    0x0202                  _I2CTRN = 0x202
                    0x0204                  I2C1BRG = 0x204
                    0x0204                  _I2C1BRG = 0x204
                    0x0206                  I2C1CON = 0x206
                    0x0206                  _I2C1CON = 0x206
                    0x0206                  _I2C1CONbits = 0x206
                    0x0206                  I2CCON = 0x206
                    0x0206                  _I2CCON = 0x206
                    0x0206                  _I2CCONbits = 0x206
                    0x0208                  I2C1STAT = 0x208
                    0x0208                  _I2C1STAT = 0x208
                    0x0208                  _I2C1STATbits = 0x208
                    0x0208                  I2CSTAT = 0x208
                    0x0208                  _I2CSTAT = 0x208
                    0x0208                  _I2CSTATbits = 0x208
                    0x020a                  I2C1ADD = 0x20a
                    0x020a                  _I2C1ADD = 0x20a
                    0x020a                  I2CADD = 0x20a
                    0x020a                  _I2CADD = 0x20a
                    0x020c                  I2C1MSK = 0x20c
                    0x020c                  _I2C1MSK = 0x20c
                    0x0220                  U1MODE = 0x220
                    0x0220                  _U1MODE = 0x220
                    0x0220                  _U1MODEbits = 0x220
                    0x0222                  U1STA = 0x222
                    0x0222                  _U1STA = 0x222
                    0x0222                  _U1STAbits = 0x222
                    0x0224                  U1TXREG = 0x224
                    0x0224                  _U1TXREG = 0x224
                    0x0224                  _U1TXREGbits = 0x224
                    0x0226                  U1RXREG = 0x226
                    0x0226                  _U1RXREG = 0x226
                    0x0226                  _U1RXREGbits = 0x226
                    0x0228                  U1BRG = 0x228
                    0x0228                  _U1BRG = 0x228
                    0x0240                  SPI1STAT = 0x240
                    0x0240                  _SPI1STAT = 0x240
                    0x0240                  _SPI1STATbits = 0x240
                    0x0242                  SPI1CON1 = 0x242
                    0x0242                  _SPI1CON1 = 0x242
                    0x0242                  _SPI1CON1bits = 0x242
                    0x0244                  SPI1CON2 = 0x244
                    0x0244                  _SPI1CON2 = 0x244
                    0x0244                  _SPI1CON2bits = 0x244
                    0x0248                  SPI1BUF = 0x248
                    0x0248                  _SPI1BUF = 0x248
                    0x02c0                  TRISA = 0x2c0
                    0x02c0                  _TRISA = 0x2c0
                    0x02c0                  _TRISAbits = 0x2c0
                    0x02c2                  PORTA = 0x2c2
                    0x02c2                  _PORTA = 0x2c2
                    0x02c2                  _PORTAbits = 0x2c2
                    0x02c4                  LATA = 0x2c4
                    0x02c4                  _LATA = 0x2c4
                    0x02c4                  _LATAbits = 0x2c4
                    0x02c6                  ODCA = 0x2c6
                    0x02c6                  _ODCA = 0x2c6
                    0x02c6                  _ODCAbits = 0x2c6
                    0x02c8                  TRISB = 0x2c8
                    0x02c8                  _TRISB = 0x2c8
                    0x02c8                  _TRISBbits = 0x2c8
                    0x02ca                  PORTB = 0x2ca
                    0x02ca                  _PORTB = 0x2ca
                    0x02ca                  _PORTBbits = 0x2ca
                    0x02cc                  LATB = 0x2cc
                    0x02cc                  _LATB = 0x2cc
                    0x02cc                  _LATBbits = 0x2cc
                    0x02ce                  ODCB = 0x2ce
                    0x02ce                  _ODCB = 0x2ce
                    0x02ce                  _ODCBbits = 0x2ce
                    0x0300                  ADC1BUF0 = 0x300
                    0x0300                  _ADC1BUF0 = 0x300
                    0x0300                  ADCBUF0 = 0x300
                    0x0300                  _ADCBUF0 = 0x300
                    0x0302                  ADC1BUF1 = 0x302
                    0x0302                  _ADC1BUF1 = 0x302
                    0x0302                  ADCBUF1 = 0x302
                    0x0302                  _ADCBUF1 = 0x302
                    0x0304                  ADC1BUF2 = 0x304
                    0x0304                  _ADC1BUF2 = 0x304
                    0x0304                  ADCBUF2 = 0x304
                    0x0304                  _ADCBUF2 = 0x304
                    0x0306                  ADC1BUF3 = 0x306
                    0x0306                  _ADC1BUF3 = 0x306
                    0x0306                  ADCBUF3 = 0x306
                    0x0306                  _ADCBUF3 = 0x306
                    0x0308                  ADC1BUF4 = 0x308
                    0x0308                  _ADC1BUF4 = 0x308
                    0x0308                  ADCBUF4 = 0x308
                    0x0308                  _ADCBUF4 = 0x308
                    0x030a                  ADC1BUF5 = 0x30a
                    0x030a                  _ADC1BUF5 = 0x30a
                    0x030a                  ADCBUF5 = 0x30a
                    0x030a                  _ADCBUF5 = 0x30a
                    0x030c                  ADC1BUF6 = 0x30c
                    0x030c                  _ADC1BUF6 = 0x30c
                    0x030c                  ADCBUF6 = 0x30c
                    0x030c                  _ADCBUF6 = 0x30c
                    0x030e                  ADC1BUF7 = 0x30e
                    0x030e                  _ADC1BUF7 = 0x30e
                    0x030e                  ADCBUF7 = 0x30e
                    0x030e                  _ADCBUF7 = 0x30e
                    0x0310                  ADC1BUF8 = 0x310
                    0x0310                  _ADC1BUF8 = 0x310
                    0x0310                  ADCBUF8 = 0x310
                    0x0310                  _ADCBUF8 = 0x310
                    0x0312                  ADC1BUF9 = 0x312
                    0x0312                  _ADC1BUF9 = 0x312
                    0x0312                  ADCBUF9 = 0x312
                    0x0312                  _ADCBUF9 = 0x312
                    0x0314                  ADC1BUFA = 0x314
                    0x0314                  _ADC1BUFA = 0x314
                    0x0314                  ADCBUFA = 0x314
                    0x0314                  _ADCBUFA = 0x314
                    0x0316                  ADC1BUFB = 0x316
                    0x0316                  _ADC1BUFB = 0x316
                    0x0316                  ADCBUFB = 0x316
                    0x0316                  _ADCBUFB = 0x316
                    0x0318                  ADC1BUFC = 0x318
                    0x0318                  _ADC1BUFC = 0x318
                    0x0318                  ADCBUFC = 0x318
                    0x0318                  _ADCBUFC = 0x318
                    0x031a                  ADC1BUFD = 0x31a
                    0x031a                  _ADC1BUFD = 0x31a
                    0x031a                  ADCBUFD = 0x31a
                    0x031a                  _ADCBUFD = 0x31a
                    0x031c                  ADC1BUFE = 0x31c
                    0x031c                  _ADC1BUFE = 0x31c
                    0x031c                  ADCBUFE = 0x31c
                    0x031c                  _ADCBUFE = 0x31c
                    0x031e                  ADC1BUFF = 0x31e
                    0x031e                  _ADC1BUFF = 0x31e
                    0x031e                  ADCBUFF = 0x31e
                    0x031e                  _ADCBUFF = 0x31e
                    0x0320                  AD1CON1 = 0x320
                    0x0320                  _AD1CON1 = 0x320
                    0x0320                  _AD1CON1bits = 0x320
                    0x0322                  AD1CON2 = 0x322
                    0x0322                  _AD1CON2 = 0x322
                    0x0322                  _AD1CON2bits = 0x322
                    0x0324                  AD1CON3 = 0x324
                    0x0324                  _AD1CON3 = 0x324
                    0x0324                  _AD1CON3bits = 0x324
                    0x0326                  AD1CHS123 = 0x326
                    0x0326                  _AD1CHS123 = 0x326
                    0x0326                  _AD1CHS123bits = 0x326
                    0x0328                  AD1CHS0 = 0x328
                    0x0328                  _AD1CHS0 = 0x328
                    0x0328                  _AD1CHS0bits = 0x328
                    0x032c                  AD1PCFGL = 0x32c
                    0x032c                  _AD1PCFGL = 0x32c
                    0x032c                  _AD1PCFGLbits = 0x32c
                    0x032c                  ADPCFG = 0x32c
                    0x032c                  _ADPCFG = 0x32c
                    0x032c                  _ADPCFGbits = 0x32c
                    0x0330                  AD1CSSL = 0x330
                    0x0330                  _AD1CSSL = 0x330
                    0x0330                  _AD1CSSLbits = 0x330
                    0x05c0                  P2TCON = 0x5c0
                    0x05c0                  _P2TCON = 0x5c0
                    0x05c0                  _P2TCONbits = 0x5c0
                    0x05c2                  P2TMR = 0x5c2
                    0x05c2                  _P2TMR = 0x5c2
                    0x05c2                  _P2TMRbits = 0x5c2
                    0x05c4                  P2TPER = 0x5c4
                    0x05c4                  _P2TPER = 0x5c4
                    0x05c4                  _P2TPERbits = 0x5c4
                    0x05c6                  P2SECMP = 0x5c6
                    0x05c6                  _P2SECMP = 0x5c6
                    0x05c6                  _P2SECMPbits = 0x5c6
                    0x05c8                  PWM2CON1 = 0x5c8
                    0x05c8                  _PWM2CON1 = 0x5c8
                    0x05c8                  _PWM2CON1bits = 0x5c8
                    0x05ca                  PWM2CON2 = 0x5ca
                    0x05ca                  _PWM2CON2 = 0x5ca
                    0x05ca                  _PWM2CON2bits = 0x5ca
                    0x05cc                  P2DTCON1 = 0x5cc
                    0x05cc                  _P2DTCON1 = 0x5cc
                    0x05cc                  _P2DTCON1bits = 0x5cc
                    0x05ce                  P2DTCON2 = 0x5ce
                    0x05ce                  _P2DTCON2 = 0x5ce
                    0x05ce                  _P2DTCON2bits = 0x5ce
                    0x05d0                  P2FLTACON = 0x5d0
                    0x05d0                  _P2FLTACON = 0x5d0
                    0x05d0                  _P2FLTACONbits = 0x5d0
                    0x05d4                  P2OVDCON = 0x5d4
                    0x05d4                  _P2OVDCON = 0x5d4
                    0x05d4                  _P2OVDCONbits = 0x5d4
                    0x05d6                  P2DC1 = 0x5d6
                    0x05d6                  _P2DC1 = 0x5d6
                    0x0680                  RPINR0 = 0x680
                    0x0680                  _RPINR0 = 0x680
                    0x0680                  _RPINR0bits = 0x680
                    0x0682                  RPINR1 = 0x682
                    0x0682                  _RPINR1 = 0x682
                    0x0682                  _RPINR1bits = 0x682
                    0x0686                  RPINR3 = 0x686
                    0x0686                  _RPINR3 = 0x686
                    0x0686                  _RPINR3bits = 0x686
                    0x068e                  RPINR7 = 0x68e
                    0x068e                  _RPINR7 = 0x68e
                    0x068e                  _RPINR7bits = 0x68e
                    0x0694                  RPINR10 = 0x694
                    0x0694                  _RPINR10 = 0x694
                    0x0694                  _RPINR10bits = 0x694
                    0x0696                  RPINR11 = 0x696
                    0x0696                  _RPINR11 = 0x696
                    0x0696                  _RPINR11bits = 0x696
                    0x0698                  RPINR12 = 0x698
                    0x0698                  _RPINR12 = 0x698
                    0x0698                  _RPINR12bits = 0x698
                    0x069a                  RPINR13 = 0x69a
                    0x069a                  _RPINR13 = 0x69a
                    0x069a                  _RPINR13bits = 0x69a
                    0x069c                  RPINR14 = 0x69c
                    0x069c                  _RPINR14 = 0x69c
                    0x069c                  _RPINR14bits = 0x69c
                    0x069e                  RPINR15 = 0x69e
                    0x069e                  _RPINR15 = 0x69e
                    0x069e                  _RPINR15bits = 0x69e
                    0x06a4                  RPINR18 = 0x6a4
                    0x06a4                  _RPINR18 = 0x6a4
                    0x06a4                  _RPINR18bits = 0x6a4
                    0x06a8                  RPINR20 = 0x6a8
                    0x06a8                  _RPINR20 = 0x6a8
                    0x06a8                  _RPINR20bits = 0x6a8
                    0x06aa                  RPINR21 = 0x6aa
                    0x06aa                  _RPINR21 = 0x6aa
                    0x06aa                  _RPINR21bits = 0x6aa
                    0x06c0                  RPOR0 = 0x6c0
                    0x06c0                  _RPOR0 = 0x6c0
                    0x06c0                  _RPOR0bits = 0x6c0
                    0x06c2                  RPOR1 = 0x6c2
                    0x06c2                  _RPOR1 = 0x6c2
                    0x06c2                  _RPOR1bits = 0x6c2
                    0x06c4                  RPOR2 = 0x6c4
                    0x06c4                  _RPOR2 = 0x6c4
                    0x06c4                  _RPOR2bits = 0x6c4
                    0x06c6                  RPOR3 = 0x6c6
                    0x06c6                  _RPOR3 = 0x6c6
                    0x06c6                  _RPOR3bits = 0x6c6
                    0x06c8                  RPOR4 = 0x6c8
                    0x06c8                  _RPOR4 = 0x6c8
                    0x06c8                  _RPOR4bits = 0x6c8
                    0x06ca                  RPOR5 = 0x6ca
                    0x06ca                  _RPOR5 = 0x6ca
                    0x06ca                  _RPOR5bits = 0x6ca
                    0x06cc                  RPOR6 = 0x6cc
                    0x06cc                  _RPOR6 = 0x6cc
                    0x06cc                  _RPOR6bits = 0x6cc
                    0x06ce                  RPOR7 = 0x6ce
                    0x06ce                  _RPOR7 = 0x6ce
                    0x06ce                  _RPOR7bits = 0x6ce
                    0x0740                  RCON = 0x740
                    0x0740                  _RCON = 0x740
                    0x0740                  _RCONbits = 0x740
                    0x0742                  OSCCON = 0x742
                    0x0742                  _OSCCON = 0x742
                    0x0742                  _OSCCONbits = 0x742
                    0x0742                  OSCCONL = 0x742
                    0x0742                  _OSCCONL = 0x742
                    0x0743                  OSCCONH = 0x743
                    0x0743                  _OSCCONH = 0x743
                    0x0744                  CLKDIV = 0x744
                    0x0744                  _CLKDIV = 0x744
                    0x0744                  _CLKDIVbits = 0x744
                    0x0746                  PLLFBD = 0x746
                    0x0746                  _PLLFBD = 0x746
                    0x0746                  _PLLFBDbits = 0x746
                    0x0748                  OSCTUN = 0x748
                    0x0748                  _OSCTUN = 0x748
                    0x0748                  _OSCTUNbits = 0x748
                    0x0760                  NVMCON = 0x760
                    0x0760                  _NVMCON = 0x760
                    0x0760                  _NVMCONbits = 0x760
                    0x0766                  NVMKEY = 0x766
                    0x0766                  _NVMKEY = 0x766
                    0x0770                  PMD1 = 0x770
                    0x0770                  _PMD1 = 0x770
                    0x0770                  _PMD1bits = 0x770
                    0x0772                  PMD2 = 0x772
                    0x0772                  _PMD2 = 0x772
                    0x0772                  _PMD2bits = 0x772
                    0x0774                  PMD3 = 0x774
                    0x0774                  _PMD3 = 0x774
                    0x0774                  _PMD3bits = 0x774
                    0x0022                  ACCA = 0x22
                    0x0022                  _ACCA = 0x22
                    0x0028                  ACCB = 0x28
                    0x0028                  _ACCB = 0x28
                    0x0140                  IC1 = 0x140
                    0x0140                  _IC1 = 0x140
                    0x0144                  IC2 = 0x144
                    0x0144                  _IC2 = 0x144
                    0x0158                  IC7 = 0x158
                    0x0158                  _IC7 = 0x158
                    0x015c                  IC8 = 0x15c
                    0x015c                  _IC8 = 0x15c
                    0x0180                  OC1 = 0x180
                    0x0180                  _OC1 = 0x180
                    0x0186                  OC2 = 0x186
                    0x0186                  _OC2 = 0x186
                    0x0240                  SPI1 = 0x240
                    0x0240                  _SPI1 = 0x240
                    0x0220                  UART1 = 0x220
                    0x0220                  _UART1 = 0x220
START GROUP
LOAD c:/program files/microchip/xc16/v1.70/bin/bin/../../lib\liblega-pic30-elf.a
LOAD c:/program files/microchip/xc16/v1.70/bin/bin/../../lib\libm-elf.a
LOAD c:/program files/microchip/xc16/v1.70/bin/bin/../../lib\liblega-c-elf.a
END GROUP
OUTPUT(dist/default/production/Ejemplo8_Atributos.X.production.elf elf32-pic30)
LOAD /CW/_FGSp†8
LOAD /CW/_FBSê¿8
LOAD jump_table
LOAD default_isr
LOAD data_init

.debug_pubtypes
                  0x000018         0x30
 .debug_pubtypes
                  0x000018         0x12 build/default/production/Config.o
 .debug_pubtypes
                  0x00002a         0x1e build/default/production/mainn.o

__c30_signature
                  0x000048        0x16e
 __c30_signature
                  0x000048          0x6 build/default/production/Config.o
 __c30_signature
                  0x00004e          0x6 build/default/production/mainn.o
 __c30_signature
                  0x000054          0x6 c:/program files/microchip/xc16/v1.70/bin/bin/../../lib\liblega-pic30-elf.a(crt0_standard.o)
 __c30_signature
                  0x00005a          0x6 c:/program files/microchip/xc16/v1.70/bin/bin/../../lib\liblega-pic30-elf.a(data_init_standard.o)
 __c30_signature
                  0x000060          0x6 c:/program files/microchip/xc16/v1.70/bin/bin/../../lib\liblega-c-elf.a(fwrite.XX_eo)
 __c30_signature
                  0x000066          0x6 c:/program files/microchip/xc16/v1.70/bin/bin/../../lib\liblega-c-elf.a(memchr.XX_eo)
 __c30_signature
                  0x00006c          0x6 c:/program files/microchip/xc16/v1.70/bin/bin/../../lib\liblega-c-elf.a(memcpy.XX_eo)
 __c30_signature
                  0x000072          0x6 c:/program files/microchip/xc16/v1.70/bin/bin/../../lib\liblega-c-elf.a(xfiles.XX_eo)
 __c30_signature
                  0x000078          0x6 c:/program files/microchip/xc16/v1.70/bin/bin/../../lib\liblega-c-elf.a(xfwprep.XX_eo)
 __c30_signature
                  0x00007e          0x6 c:/program files/microchip/xc16/v1.70/bin/bin/../../lib\liblega-c-elf.a(fclose.XX_elo)
 __c30_signature
                  0x000084          0x6 c:/program files/microchip/xc16/v1.70/bin/bin/../../lib\liblega-c-elf.a(fflush.XX_elo)
 __c30_signature
                  0x00008a          0x6 c:/program files/microchip/xc16/v1.70/bin/bin/../../lib\liblega-c-elf.a(xatexit.XX_elo)
 __c30_signature
                  0x000090          0x6 c:/program files/microchip/xc16/v1.70/bin/bin/../../lib\liblega-c-elf.a(printf_cdfFnopsuxX.XXeo)
 __c30_signature
                  0x000096          0x6 c:/program files/microchip/xc16/v1.70/bin/bin/../../lib\liblega-c-elf.a(xprintf_cdfFnopsuxX.XXeo)
 __c30_signature
                  0x00009c          0x6 c:/program files/microchip/xc16/v1.70/bin/bin/../../lib\liblega-c-elf.a(xputfld_cdfFnopsuxX.XXeo)
 __c30_signature
                  0x0000a2          0x6 c:/program files/microchip/xc16/v1.70/bin/bin/../../lib\liblega-c-elf.a(xldtob_cdfFnopsuxX.XXeo)
 __c30_signature
                  0x0000a8          0x6 c:/program files/microchip/xc16/v1.70/bin/bin/../../lib\liblega-c-elf.a(xgenld_cdfFnopsuxX.XXeo)
 __c30_signature
                  0x0000ae          0x6 c:/program files/microchip/xc16/v1.70/bin/bin/../../lib\liblega-c-elf.a(div.XX_eo)
 __c30_signature
                  0x0000b4          0x6 c:/program files/microchip/xc16/v1.70/bin/bin/../../lib\liblega-c-elf.a(free.XX_eo)
 __c30_signature
                  0x0000ba          0x6 c:/program files/microchip/xc16/v1.70/bin/bin/../../lib\liblega-c-elf.a(ldiv.XX_eo)
 __c30_signature
                  0x0000c0          0x6 c:/program files/microchip/xc16/v1.70/bin/bin/../../lib\liblega-c-elf.a(malloc.XX_eo)
 __c30_signature
                  0x0000c6          0x6 c:/program files/microchip/xc16/v1.70/bin/bin/../../lib\liblega-c-elf.a(strchr.XX_eo)
 __c30_signature
                  0x0000cc          0x6 c:/program files/microchip/xc16/v1.70/bin/bin/../../lib\liblega-c-elf.a(strlen.XX_eo)
 __c30_signature
                  0x0000d2          0x6 c:/program files/microchip/xc16/v1.70/bin/bin/../../lib\liblega-c-elf.a(xgetmem.XX_eo)
 __c30_signature
                  0x0000d8          0x6 c:/program files/microchip/xc16/v1.70/bin/bin/../../lib\liblega-c-elf.a(xldunsca.XX_eo)
 __c30_signature
                  0x0000de          0x6 c:/program files/microchip/xc16/v1.70/bin/bin/../../lib\liblega-c-elf.a(xlitob.XX_eo)
 __c30_signature
                  0x0000e4          0x6 c:/program files/microchip/xc16/v1.70/bin/bin/../../lib\liblega-c-elf.a(xputtxt.XX_eo)
 __c30_signature
                  0x0000ea          0x6 c:/program files/microchip/xc16/v1.70/bin/bin/../../lib\liblega-c-elf.a(xvacopy.XX_eo)
 __c30_signature
                  0x0000f0          0x6 c:/program files/microchip/xc16/v1.70/bin/bin/../../lib\liblega-c-elf.a(efwrite.XX_eo)
 __c30_signature
                  0x0000f6          0x6 c:/program files/microchip/xc16/v1.70/bin/bin/../../lib\liblega-c-elf.a(xdnorm.XX_elo)
 __c30_signature
                  0x0000fc          0x6 c:/program files/microchip/xc16/v1.70/bin/bin/../../lib\liblega-pic30-elf.a(close.Leo)
 __c30_signature
                  0x000102          0x6 c:/program files/microchip/xc16/v1.70/bin/bin/../../lib\liblega-pic30-elf.a(write.Leo)
 __c30_signature
                  0x000108          0x6 c:/program files/microchip/xc16/v1.70/bin/bin/../../lib\liblega-pic30-elf.a(remove.Leo)
 __c30_signature
                  0x00010e          0x6 c:/program files/microchip/xc16/v1.70/bin/bin/../../lib\liblega-pic30-elf.a(sbrk.Leo)
 __c30_signature
                  0x000114          0x6 c:/program files/microchip/xc16/v1.70/bin/bin/../../lib\liblega-pic30-elf.a(c30_uart.Leo)
 __c30_signature
                  0x00011a          0x6 c:/program files/microchip/xc16/v1.70/bin/bin/../../lib\liblega-pic30-elf.a(memcpy_eds.Leo)
 __c30_signature
                  0x000120          0x6 c:/program files/microchip/xc16/v1.70/bin/bin/../../lib\liblega-pic30-elf.a(memchr_eds.Leo)
 __c30_signature
                  0x000126          0x6 c:/program files/microchip/xc16/v1.70/bin/bin/../../lib\liblega-pic30-elf.a(brk.Lelo)
 __c30_signature
                  0x00012c          0x6 c:/program files/microchip/xc16/v1.70/bin/bin/../../lib\libm-elf.a(deqltle.eo)
 __c30_signature
                  0x000132          0x6 c:/program files/microchip/xc16/v1.70/bin/bin/../../lib\libm-elf.a(dgtge.eo)
 __c30_signature
                  0x000138          0x6 c:/program files/microchip/xc16/v1.70/bin/bin/../../lib\libm-elf.a(divdf3.eo)
 __c30_signature
                  0x00013e          0x6 c:/program files/microchip/xc16/v1.70/bin/bin/../../lib\libm-elf.a(divsi3.eo)
 __c30_signature
                  0x000144          0x6 c:/program files/microchip/xc16/v1.70/bin/bin/../../lib\libm-elf.a(dpack.eo)
 __c30_signature
                  0x00014a          0x6 c:/program files/microchip/xc16/v1.70/bin/bin/../../lib\libm-elf.a(dunpack2.eo)
 __c30_signature
                  0x000150          0x6 c:/program files/microchip/xc16/v1.70/bin/bin/../../lib\libm-elf.a(extendsfdf.eo)
 __c30_signature
                  0x000156          0x6 c:/program files/microchip/xc16/v1.70/bin/bin/../../lib\libm-elf.a(fixdfsi.eo)
 __c30_signature
                  0x00015c          0x6 c:/program files/microchip/xc16/v1.70/bin/bin/../../lib\libm-elf.a(floatsidf.eo)
 __c30_signature
                  0x000162          0x6 c:/program files/microchip/xc16/v1.70/bin/bin/../../lib\libm-elf.a(funpack.eo)
 __c30_signature
                  0x000168          0x6 c:/program files/microchip/xc16/v1.70/bin/bin/../../lib\libm-elf.a(muldf3.eo)
 __c30_signature
                  0x00016e          0x6 c:/program files/microchip/xc16/v1.70/bin/bin/../../lib\libm-elf.a(subdf3.eo)
 __c30_signature
                  0x000174          0x6 c:/program files/microchip/xc16/v1.70/bin/bin/../../lib\libm-elf.a(udivsi3.eo)
 __c30_signature
                  0x00017a          0x6 c:/program files/microchip/xc16/v1.70/bin/bin/../../lib\libm-elf.a(umodsi3.eo)
 __c30_signature
                  0x000180          0x6 c:/program files/microchip/xc16/v1.70/bin/bin/../../lib\libm-elf.a(mulsi3.eo)
 __c30_signature
                  0x000186          0x6 c:/program files/microchip/xc16/v1.70/bin/bin/../../lib\libm-elf.a(divmoddi3.eo)
 __c30_signature
                  0x00018c          0x6 c:/program files/microchip/xc16/v1.70/bin/bin/../../lib\libm-elf.a(adddf3.eo)
 __c30_signature
                  0x000192          0x6 c:/program files/microchip/xc16/v1.70/bin/bin/../../lib\libm-elf.a(dcompare.eo)
 __c30_signature
                  0x000198          0x6 c:/program files/microchip/xc16/v1.70/bin/bin/../../lib\libm-elf.a(dpropagateNaN.eo)
 __c30_signature
                  0x00019e          0x6 c:/program files/microchip/xc16/v1.70/bin/bin/../../lib\libm-elf.a(dtype.eo)
 __c30_signature
                  0x0001a4          0x6 c:/program files/microchip/xc16/v1.70/bin/bin/../../lib\libm-elf.a(dunpack.eo)
 __c30_signature
                  0x0001aa          0x6 c:/program files/microchip/xc16/v1.70/bin/bin/../../lib\libm-elf.a(floatdidf.eo)
 __c30_signature
                  0x0001b0          0x6 c:/program files/microchip/xc16/v1.70/bin/bin/../../lib\libm-elf.a(floatundidf.eo)

_000000000494850063434edc
                    0x0ff2          0xe
 _000000000494850063434edc
                    0x0ff2          0xe build/default/production/mainn.o
                    0x0ff2                  _var4

_00000000049485A063434edc
                    0x0800          0xa
 _00000000049485A063434edc
                    0x0800          0xa build/default/production/mainn.o
                    0x0800                  _x_memory_buffer

_000000000494864063434edc
                    0x0fe8          0xa
 _000000000494864063434edc
                    0x0fe8          0xa build/default/production/mainn.o
                    0x0fe8                  _y_memory_buffer

_000000000494846063434edc
                    0x0fe4          0x4
 _000000000494846063434edc
                    0x0fe4          0x4 build/default/production/mainn.o
                    0x0fe4                  _var3

_000000000494832063434edc
                    0x0fe2          0x2
 _000000000494832063434edc
                    0x0fe2          0x2 build/default/production/mainn.o
                    0x0fe2                  _var1

_00000000049483C063434edc
                    0x0fe0          0x2
 _00000000049483C063434edc
                    0x0fe0          0x2 build/default/production/mainn.o
                    0x0fe0                  _var2

.nbss               0x080a          0x2
 .nbss              0x080a          0x2 build/default/production/mainn.o
                    0x080a                  _i

.data               0x080c        0x11c
 .data              0x080c         0x88 c:/program files/microchip/xc16/v1.70/bin/bin/../../lib\liblega-c-elf.a(xfiles.XX_eo)
                    0x080c                  __Stdin
                    0x0834                  __Stdout
                    0x085c                  __Stderr
                    0x0884                  __Files
 .data              0x0894         0x58 c:/program files/microchip/xc16/v1.70/bin/bin/../../lib\liblega-c-elf.a(xldtob_cdfFnopsuxX.XXeo)
 .data              0x08ec         0x22 c:/program files/microchip/xc16/v1.70/bin/bin/../../lib\liblega-c-elf.a(xlitob.XX_eo)
 .data              0x090e         0x1a c:/program files/microchip/xc16/v1.70/bin/bin/../../lib\liblega-c-elf.a(xprintf_cdfFnopsuxX.XXeo)

.bss                0x0928          0x6
 .bss               0x0928          0x4 c:/program files/microchip/xc16/v1.70/bin/bin/../../lib\liblega-c-elf.a(malloc.XX_eo)
                    0x0928                  __Aldata
 .bss               0x092c          0x2 c:/program files/microchip/xc16/v1.70/bin/bin/../../lib\liblega-c-elf.a(fclose.XX_elo)

.data               0x092e          0x6
 .data              0x092e          0x2 c:/program files/microchip/xc16/v1.70/bin/bin/../../lib\liblega-c-elf.a(xgenld_cdfFnopsuxX.XXeo)
 .data              0x0930          0x2 c:/program files/microchip/xc16/v1.70/bin/bin/../../lib\liblega-c-elf.a(malloc.XX_eo)
                    0x0930                  __Size_block
 .data              0x0932          0x2 c:/program files/microchip/xc16/v1.70/bin/bin/../../lib\liblega-pic30-elf.a(c30_uart.Leo)
                    0x0932                  ___C30_UART

.bss                0x0934          0x2
 .bss               0x0934          0x2 c:/program files/microchip/xc16/v1.70/bin/bin/../../lib\liblega-pic30-elf.a(brk.Lelo)
                    0x0934                  ___curbrk

.config_JTAGEN    0xf8000e          0x2
 .config_JTAGEN
                  0xf8000e          0x2 build/default/production/Config.o

.config_PWMPIN    0xf8000c          0x2
 .config_PWMPIN
                  0xf8000c          0x2 build/default/production/Config.o

.config_FWDTEN    0xf8000a          0x2
 .config_FWDTEN
                  0xf8000a          0x2 build/default/production/Config.o

.config_FCKSM     0xf80008          0x2
 .config_FCKSM    0xf80008          0x2 build/default/production/Config.o

.config_IESO      0xf80006          0x2
 .config_IESO     0xf80006          0x2 build/default/production/Config.o

.const              0x9f4a        0x104 load address 0x001f4a  
 .const             0x9f4a        0x104 build/default/production/mainn.o

.dinit            0x00204e        0x152
 .dinit           0x00204e        0x152 data_init

.text             0x0021a0         0xe6
 .text            0x0021a0         0xe6 build/default/production/mainn.o
                  0x0021a0                  _main
                  0x002240                  _EjemploPrintf
